
> intrst@0.1.0 build
> next build

  Γû▓ Next.js 14.2.35
  - Environments: .env

   Creating an optimized production build ...
node.exe : Failed to 
compile.
At line:1 char:1
+ & "C:\Program 
Files\nodejs/node.exe" 
"C:\Program 
Files\nodejs/node_mo ...
+ ~~~~~~~~~~~~~~~~~~~~~~~~~
~~~~~~~~~~~~~~~~~~~~~~~~~~~
~~~~~~~~~~~~~~~~~
    + CategoryInfo         
     : NotSpecified: (Fai  
  led to compile.:String   
 ) [], RemoteException
    + FullyQualifiedErrorI 
   d : NativeCommandError
 

./src/app/(app)/communities
/vacant-classrooms/page.tsx
Module not found: Can't 
resolve 
'@/components/ui/use-toast'

https://nextjs.org/docs/mes
sages/module-not-found

./src/app/(app)/communities
/vacant-classrooms/page.tsx
Module not found: Can't 
resolve '@/components/ui/sc
roll-area'

https://nextjs.org/docs/mes
sages/module-not-found


> Build failed because of 
webpack errors
