  ??? Next.js 14.2.35

   Creating an optimized production build ...
 ??? Compiled successfully
   Linting and checking validity of types ...
node.exe : 
At line:1 char:1
+ & "C:\Program 
Files\nodejs/node.exe" 
"C:\Program 
Files\nodejs/node_mo ...
+ ~~~~~~~~~~~~~~~~~~~~~~~~~
~~~~~~~~~~~~~~~~~~~~~~~~~~~
~~~~~~~~~~~~~~~~~
    + CategoryInfo         
     : NotSpecified: (:St  
  ring) [], RemoteExcept   
 ion
    + FullyQualifiedErrorI 
   d : NativeCommandError
 
Failed to compile.

./src/app/(app)/events/page
.tsx
41:40  Warning: Unexpected 
any. Specify a different 
type.  @typescript-eslint/n
o-explicit-any

./src/app/admin/page.tsx
12:52  Warning: Unexpected 
any. Specify a different 
type.  @typescript-eslint/n
o-explicit-any
30:16  Warning: 'err' is 
defined but never used.  @t
ypescript-eslint/no-unused-
vars

./src/app/api/careers/route
.ts
9:43  Warning: Unexpected 
any. Specify a different 
type.  @typescript-eslint/n
o-explicit-any
121:19  Warning: 
Unexpected any. Specify a 
different type.  @typescrip
t-eslint/no-explicit-any

./src/app/signin/page.tsx
17:11  Warning: 'setName' 
is assigned a value but 
never used.  @typescript-es
lint/no-unused-vars
17:11  Warning: 'setName' 
is assigned a value but 
never used.  no-unused-vars
43:19  Warning: Unexpected 
any. Specify a different 
type.  @typescript-eslint/n
o-explicit-any
137:16  Error: `'` can be 
escaped with `&apos;`, 
`&lsquo;`, `&#39;`, 
`&rsquo;`.  
react/no-unescaped-entities

./src/app/signup/page.tsx
12:20  Warning: 
'setAuthToken' is defined 
but never used.  @typescrip
t-eslint/no-unused-vars
12:20  Warning: 
'setAuthToken' is defined 
but never used.  
no-unused-vars
35:13  Warning: 'data' is 
assigned a value but never 
used.  @typescript-eslint/n
o-unused-vars
35:13  Warning: 'data' is 
assigned a value but never 
used.  no-unused-vars
57:19  Warning: Unexpected 
any. Specify a different 
type.  @typescript-eslint/n
o-explicit-any

./src/app/verify/page.tsx
80:21  Warning: Unexpected 
any. Specify a different 
type.  @typescript-eslint/n
o-explicit-any

./src/lib/apiClient.ts
55:14  Warning: 'e' is 
defined but never used.  @t
ypescript-eslint/no-unused-
vars

info  - Need to disable 
some ESLint rules? Learn 
more here: https://nextjs.o
rg/docs/basic-features/esli
nt#disabling-rules

